// Jest Snapshot v1, https://goo.gl/fbAQLP

exports[`Pruebas en <FirstApp/> Debe matchear con el snapshot 1`] = `
<div>
  <main
    class="flex h-screen flex-col items-center justify-center gap-16 bg-slate-800 text-white"
  >
    <h1
      class="text-5xl font-bold"
      data-testid="test-title"
    >
       
      Soy el test
       
    </h1>
    <h2
      class="text-3xl font-semibold"
    >
      No hay subtitulo...
    </h2>
    <h2
      class="text-3xl font-semibold"
    >
      No hay subtitulo...
    </h2>
    <h3
      class="text-2xl"
    >
      Gustavo
    </h3>
  </main>
</div>
`;
